oled.c:50:6:OLED_Send	24	static
oled.c:58:6:OLED_SendCmd	16	static
oled.c:71:6:OLED_Init	8	static
oled.c:126:6:OLED_DisPlay_On	8	static
oled.c:136:6:OLED_DisPlay_Off	8	static
oled.c:148:6:OLED_SetColorMode	16	static
oled.c:165:6:OLED_NewFrame	8	static
oled.c:174:6:OLED_ShowFrame	16	static
oled.c:194:6:OLED_SetPixel	16	static
oled.c:220:6:OLED_SetByte_Fine	16	static
oled.c:246:6:OLED_SetByte	16	static
oled.c:266:6:OLED_SetBits_Fine	40	static
oled.c:294:6:OLED_SetBits	40	static
oled.c:316:6:OLED_SetBlock	40	static
oled.c:356:6:OLED_DrawLine	40	static
oled.c:432:6:OLED_DrawRectangle	32	static
oled.c:448:6:OLED_DrawFilledRectangle	40	static
oled.c:466:6:OLED_DrawTriangle	32	static
oled.c:483:6:OLED_DrawFilledTriangle	40	static
oled.c:523:6:OLED_DrawCircle	32	static
oled.c:559:6:OLED_DrawFilledCircle	40	static
oled.c:594:6:OLED_DrawEllipse	56	static
oled.c:643:6:OLED_DrawImage	32	static
oled.c:658:6:OLED_PrintASCIIChar	32	static
oled.c:671:6:OLED_PrintASCIIString	40	static
oled.c:685:9:_OLED_GetUTF8Len	16	static
oled.c:730:6:OLED_PrintString	56	static
oled.c:779:6:OLED_UpdateDisplay	1008	static
